Archive member included to satisfy reference by file (symbol)

c:/program files (x86)/atmel/studio/7.0/toolchain/avr8/avr8-gnu-toolchain/bin/../lib/gcc/avr/5.4.0/avrxmega6\libgcc.a(_exit.o)
                              C:/Program Files (x86)/Atmel/Studio/7.0/Packs/atmel/XMEGAA_DFP/1.1.68/gcc/dev/atxmega256a3u/avrxmega6/crtatxmega256a3u.o (exit)
c:/program files (x86)/atmel/studio/7.0/toolchain/avr8/avr8-gnu-toolchain/bin/../lib/gcc/avr/5.4.0/avrxmega6\libgcc.a(_copy_data.o)
                              Keypad/keypad.o (__do_copy_data)
c:/program files (x86)/atmel/studio/7.0/toolchain/avr8/avr8-gnu-toolchain/bin/../lib/gcc/avr/5.4.0/avrxmega6\libgcc.a(_clear_bss.o)
                              Keypad/keypad.o (__do_clear_bss)
c:/program files (x86)/atmel/studio/7.0/toolchain/avr8/avr8-gnu-toolchain/bin/../lib/gcc/avr/5.4.0/avrxmega6\libgcc.a(_umulhisi3.o)
                              NRF/nrf24L01.o (__umulhisi3)
c:/program files (x86)/atmel/studio/7.0/toolchain/avr8/avr8-gnu-toolchain/bin/../lib/gcc/avr/5.4.0/../../../../avr/lib/avrxmega6\libc.a(memcpy.o)
                              NRF/nrf24L01.o (memcpy)

Discarded input sections

 .data          0x00000000        0x0 C:/Program Files (x86)/Atmel/Studio/7.0/Packs/atmel/XMEGAA_DFP/1.1.68/gcc/dev/atxmega256a3u/avrxmega6/crtatxmega256a3u.o
 .bss           0x00000000        0x0 C:/Program Files (x86)/Atmel/Studio/7.0/Packs/atmel/XMEGAA_DFP/1.1.68/gcc/dev/atxmega256a3u/avrxmega6/crtatxmega256a3u.o
 .text          0x00000000        0x0 CLK/clock.o
 .data          0x00000000        0x0 CLK/clock.o
 .bss           0x00000000        0x0 CLK/clock.o
 .text.Config32MHzClock
                0x00000000       0x1c CLK/clock.o
 .text.Config16MHzClock_Ext16M
                0x00000000       0x44 CLK/clock.o
 .text.AutoCalibration32M
                0x00000000       0x2a CLK/clock.o
 .text.AutoCalibration2M
                0x00000000       0x2a CLK/clock.o
 .text.AutoCalibrationTosc32M
                0x00000000       0x32 CLK/clock.o
 .text.AutoCalibrationTosc2M
                0x00000000       0x36 CLK/clock.o
 .text          0x00000000        0x0 Keypad/keypad.o
 .data          0x00000000        0x0 Keypad/keypad.o
 .bss           0x00000000        0x0 Keypad/keypad.o
 .text          0x00000000        0x0 main.o
 .data          0x00000000        0x0 main.o
 .bss           0x00000000        0x0 main.o
 .text          0x00000000        0x0 NRF/nrf24L01.o
 .data          0x00000000        0x0 NRF/nrf24L01.o
 .bss           0x00000000        0x0 NRF/nrf24L01.o
 .text.nrfReadRegisterMulti
                0x00000000       0x5c NRF/nrf24L01.o
 .text.nrfWriteAckPayload
                0x00000000       0x5e NRF/nrf24L01.o
 .text.nrfReadPayload
                0x00000000       0xaa NRF/nrf24L01.o
 .text.nrfRead  0x00000000        0xe NRF/nrf24L01.o
 .text.nrfStartListening
                0x00000000       0x6a NRF/nrf24L01.o
 .text.nrfStopListening
                0x00000000       0x10 NRF/nrf24L01.o
 .text.nrfPowerDown
                0x00000000       0x12 NRF/nrf24L01.o
 .text.nrfPowerUp
                0x00000000       0x12 NRF/nrf24L01.o
 .text.nrfWhatHappened
                0x00000000       0x3c NRF/nrf24L01.o
 .text.nrfOpen64WritingPipe
                0x00000000       0x62 NRF/nrf24L01.o
 .text.nrfOpen64ReadingPipe
                0x00000000       0xc6 NRF/nrf24L01.o
 .text.nrfEnableAckPayload
                0x00000000       0x46 NRF/nrf24L01.o
 .text.nrfGetDynamicPayloadSize
                0x00000000       0x24 NRF/nrf24L01.o
 .text.nrfGetPayloadSize
                0x00000000        0x6 NRF/nrf24L01.o
 .text.nrfGetStatus
                0x00000000       0x1e NRF/nrf24L01.o
 .text.nrfAvailable
                0x00000000       0x4a NRF/nrf24L01.o
 .text.nrfGetChannel
                0x00000000        0x8 NRF/nrf24L01.o
 .text.nrfSetPayloadSize
                0x00000000       0x12 NRF/nrf24L01.o
 .text.nrfIsPVariant
                0x00000000        0x6 NRF/nrf24L01.o
 .text.nrfSetAutoAckPipe
                0x00000000       0x46 NRF/nrf24L01.o
 .text.nrfTestCarrier
                0x00000000        0xa NRF/nrf24L01.o
 .text.nrfTestRPD
                0x00000000        0xa NRF/nrf24L01.o
 .text.nrfGetPALevel
                0x00000000        0xa NRF/nrf24L01.o
 .text.nrfGetDataRate
                0x00000000        0xa NRF/nrf24L01.o
 .text.nrfGetCRCLength
                0x00000000        0xa NRF/nrf24L01.o
 .text.nrfDisableCRC
                0x00000000       0x12 NRF/nrf24L01.o
 .text.nrfVerifySPIConnection
                0x00000000       0x3e NRF/nrf24L01.o
 .text          0x00000000        0x0 NRF/nrf24spiXM2.o
 .data          0x00000000        0x0 NRF/nrf24spiXM2.o
 .bss           0x00000000        0x0 NRF/nrf24spiXM2.o
 .text          0x00000000        0x0 Sleep/sleep.o
 .data          0x00000000        0x0 Sleep/sleep.o
 .bss           0x00000000        0x0 Sleep/sleep.o
 .text          0x00000000        0x0 c:/program files (x86)/atmel/studio/7.0/toolchain/avr8/avr8-gnu-toolchain/bin/../lib/gcc/avr/5.4.0/avrxmega6\libgcc.a(_exit.o)
 .data          0x00000000        0x0 c:/program files (x86)/atmel/studio/7.0/toolchain/avr8/avr8-gnu-toolchain/bin/../lib/gcc/avr/5.4.0/avrxmega6\libgcc.a(_exit.o)
 .bss           0x00000000        0x0 c:/program files (x86)/atmel/studio/7.0/toolchain/avr8/avr8-gnu-toolchain/bin/../lib/gcc/avr/5.4.0/avrxmega6\libgcc.a(_exit.o)
 .text.libgcc.mul
                0x00000000        0x0 c:/program files (x86)/atmel/studio/7.0/toolchain/avr8/avr8-gnu-toolchain/bin/../lib/gcc/avr/5.4.0/avrxmega6\libgcc.a(_exit.o)
 .text.libgcc.div
                0x00000000        0x0 c:/program files (x86)/atmel/studio/7.0/toolchain/avr8/avr8-gnu-toolchain/bin/../lib/gcc/avr/5.4.0/avrxmega6\libgcc.a(_exit.o)
 .text.libgcc   0x00000000        0x0 c:/program files (x86)/atmel/studio/7.0/toolchain/avr8/avr8-gnu-toolchain/bin/../lib/gcc/avr/5.4.0/avrxmega6\libgcc.a(_exit.o)
 .text.libgcc.prologue
                0x00000000        0x0 c:/program files (x86)/atmel/studio/7.0/toolchain/avr8/avr8-gnu-toolchain/bin/../lib/gcc/avr/5.4.0/avrxmega6\libgcc.a(_exit.o)
 .text.libgcc.builtins
                0x00000000        0x0 c:/program files (x86)/atmel/studio/7.0/toolchain/avr8/avr8-gnu-toolchain/bin/../lib/gcc/avr/5.4.0/avrxmega6\libgcc.a(_exit.o)
 .text.libgcc.fmul
                0x00000000        0x0 c:/program files (x86)/atmel/studio/7.0/toolchain/avr8/avr8-gnu-toolchain/bin/../lib/gcc/avr/5.4.0/avrxmega6\libgcc.a(_exit.o)
 .text.libgcc.fixed
                0x00000000        0x0 c:/program files (x86)/atmel/studio/7.0/toolchain/avr8/avr8-gnu-toolchain/bin/../lib/gcc/avr/5.4.0/avrxmega6\libgcc.a(_exit.o)
 .text          0x00000000        0x0 c:/program files (x86)/atmel/studio/7.0/toolchain/avr8/avr8-gnu-toolchain/bin/../lib/gcc/avr/5.4.0/avrxmega6\libgcc.a(_copy_data.o)
 .data          0x00000000        0x0 c:/program files (x86)/atmel/studio/7.0/toolchain/avr8/avr8-gnu-toolchain/bin/../lib/gcc/avr/5.4.0/avrxmega6\libgcc.a(_copy_data.o)
 .bss           0x00000000        0x0 c:/program files (x86)/atmel/studio/7.0/toolchain/avr8/avr8-gnu-toolchain/bin/../lib/gcc/avr/5.4.0/avrxmega6\libgcc.a(_copy_data.o)
 .text.libgcc.mul
                0x00000000        0x0 c:/program files (x86)/atmel/studio/7.0/toolchain/avr8/avr8-gnu-toolchain/bin/../lib/gcc/avr/5.4.0/avrxmega6\libgcc.a(_copy_data.o)
 .text.libgcc.div
                0x00000000        0x0 c:/program files (x86)/atmel/studio/7.0/toolchain/avr8/avr8-gnu-toolchain/bin/../lib/gcc/avr/5.4.0/avrxmega6\libgcc.a(_copy_data.o)
 .text.libgcc   0x00000000        0x0 c:/program files (x86)/atmel/studio/7.0/toolchain/avr8/avr8-gnu-toolchain/bin/../lib/gcc/avr/5.4.0/avrxmega6\libgcc.a(_copy_data.o)
 .text.libgcc.prologue
                0x00000000        0x0 c:/program files (x86)/atmel/studio/7.0/toolchain/avr8/avr8-gnu-toolchain/bin/../lib/gcc/avr/5.4.0/avrxmega6\libgcc.a(_copy_data.o)
 .text.libgcc.builtins
                0x00000000        0x0 c:/program files (x86)/atmel/studio/7.0/toolchain/avr8/avr8-gnu-toolchain/bin/../lib/gcc/avr/5.4.0/avrxmega6\libgcc.a(_copy_data.o)
 .text.libgcc.fmul
                0x00000000        0x0 c:/program files (x86)/atmel/studio/7.0/toolchain/avr8/avr8-gnu-toolchain/bin/../lib/gcc/avr/5.4.0/avrxmega6\libgcc.a(_copy_data.o)
 .text.libgcc.fixed
                0x00000000        0x0 c:/program files (x86)/atmel/studio/7.0/toolchain/avr8/avr8-gnu-toolchain/bin/../lib/gcc/avr/5.4.0/avrxmega6\libgcc.a(_copy_data.o)
 .text          0x00000000        0x0 c:/program files (x86)/atmel/studio/7.0/toolchain/avr8/avr8-gnu-toolchain/bin/../lib/gcc/avr/5.4.0/avrxmega6\libgcc.a(_clear_bss.o)
 .data          0x00000000        0x0 c:/program files (x86)/atmel/studio/7.0/toolchain/avr8/avr8-gnu-toolchain/bin/../lib/gcc/avr/5.4.0/avrxmega6\libgcc.a(_clear_bss.o)
 .bss           0x00000000        0x0 c:/program files (x86)/atmel/studio/7.0/toolchain/avr8/avr8-gnu-toolchain/bin/../lib/gcc/avr/5.4.0/avrxmega6\libgcc.a(_clear_bss.o)
 .text.libgcc.mul
                0x00000000        0x0 c:/program files (x86)/atmel/studio/7.0/toolchain/avr8/avr8-gnu-toolchain/bin/../lib/gcc/avr/5.4.0/avrxmega6\libgcc.a(_clear_bss.o)
 .text.libgcc.div
                0x00000000        0x0 c:/program files (x86)/atmel/studio/7.0/toolchain/avr8/avr8-gnu-toolchain/bin/../lib/gcc/avr/5.4.0/avrxmega6\libgcc.a(_clear_bss.o)
 .text.libgcc   0x00000000        0x0 c:/program files (x86)/atmel/studio/7.0/toolchain/avr8/avr8-gnu-toolchain/bin/../lib/gcc/avr/5.4.0/avrxmega6\libgcc.a(_clear_bss.o)
 .text.libgcc.prologue
                0x00000000        0x0 c:/program files (x86)/atmel/studio/7.0/toolchain/avr8/avr8-gnu-toolchain/bin/../lib/gcc/avr/5.4.0/avrxmega6\libgcc.a(_clear_bss.o)
 .text.libgcc.builtins
                0x00000000        0x0 c:/program files (x86)/atmel/studio/7.0/toolchain/avr8/avr8-gnu-toolchain/bin/../lib/gcc/avr/5.4.0/avrxmega6\libgcc.a(_clear_bss.o)
 .text.libgcc.fmul
                0x00000000        0x0 c:/program files (x86)/atmel/studio/7.0/toolchain/avr8/avr8-gnu-toolchain/bin/../lib/gcc/avr/5.4.0/avrxmega6\libgcc.a(_clear_bss.o)
 .text.libgcc.fixed
                0x00000000        0x0 c:/program files (x86)/atmel/studio/7.0/toolchain/avr8/avr8-gnu-toolchain/bin/../lib/gcc/avr/5.4.0/avrxmega6\libgcc.a(_clear_bss.o)
 .text          0x00000000        0x0 c:/program files (x86)/atmel/studio/7.0/toolchain/avr8/avr8-gnu-toolchain/bin/../lib/gcc/avr/5.4.0/avrxmega6\libgcc.a(_umulhisi3.o)
 .data          0x00000000        0x0 c:/program files (x86)/atmel/studio/7.0/toolchain/avr8/avr8-gnu-toolchain/bin/../lib/gcc/avr/5.4.0/avrxmega6\libgcc.a(_umulhisi3.o)
 .bss           0x00000000        0x0 c:/program files (x86)/atmel/studio/7.0/toolchain/avr8/avr8-gnu-toolchain/bin/../lib/gcc/avr/5.4.0/avrxmega6\libgcc.a(_umulhisi3.o)
 .text.libgcc.div
                0x00000000        0x0 c:/program files (x86)/atmel/studio/7.0/toolchain/avr8/avr8-gnu-toolchain/bin/../lib/gcc/avr/5.4.0/avrxmega6\libgcc.a(_umulhisi3.o)
 .text.libgcc   0x00000000        0x0 c:/program files (x86)/atmel/studio/7.0/toolchain/avr8/avr8-gnu-toolchain/bin/../lib/gcc/avr/5.4.0/avrxmega6\libgcc.a(_umulhisi3.o)
 .text.libgcc.prologue
                0x00000000        0x0 c:/program files (x86)/atmel/studio/7.0/toolchain/avr8/avr8-gnu-toolchain/bin/../lib/gcc/avr/5.4.0/avrxmega6\libgcc.a(_umulhisi3.o)
 .text.libgcc.builtins
                0x00000000        0x0 c:/program files (x86)/atmel/studio/7.0/toolchain/avr8/avr8-gnu-toolchain/bin/../lib/gcc/avr/5.4.0/avrxmega6\libgcc.a(_umulhisi3.o)
 .text.libgcc.fmul
                0x00000000        0x0 c:/program files (x86)/atmel/studio/7.0/toolchain/avr8/avr8-gnu-toolchain/bin/../lib/gcc/avr/5.4.0/avrxmega6\libgcc.a(_umulhisi3.o)
 .text.libgcc.fixed
                0x00000000        0x0 c:/program files (x86)/atmel/studio/7.0/toolchain/avr8/avr8-gnu-toolchain/bin/../lib/gcc/avr/5.4.0/avrxmega6\libgcc.a(_umulhisi3.o)
 .text          0x00000000        0x0 c:/program files (x86)/atmel/studio/7.0/toolchain/avr8/avr8-gnu-toolchain/bin/../lib/gcc/avr/5.4.0/../../../../avr/lib/avrxmega6\libc.a(memcpy.o)
 .data          0x00000000        0x0 c:/program files (x86)/atmel/studio/7.0/toolchain/avr8/avr8-gnu-toolchain/bin/../lib/gcc/avr/5.4.0/../../../../avr/lib/avrxmega6\libc.a(memcpy.o)
 .bss           0x00000000        0x0 c:/program files (x86)/atmel/studio/7.0/toolchain/avr8/avr8-gnu-toolchain/bin/../lib/gcc/avr/5.4.0/../../../../avr/lib/avrxmega6\libc.a(memcpy.o)

Memory Configuration

Name             Origin             Length             Attributes
text             0x00000000         0x00100000         xr
data             0x00802000         0x0000ffa0         rw !x
eeprom           0x00810000         0x00010000         rw !x
fuse             0x00820000         0x00000006         rw !x
lock             0x00830000         0x00000400         rw !x
signature        0x00840000         0x00000400         rw !x
user_signatures  0x00850000         0x00000400         rw !x
*default*        0x00000000         0xffffffff

Linker script and memory map

LOAD C:/Program Files (x86)/Atmel/Studio/7.0/Packs/atmel/XMEGAA_DFP/1.1.68/gcc/dev/atxmega256a3u/avrxmega6/crtatxmega256a3u.o
LOAD CLK/clock.o
LOAD Keypad/keypad.o
LOAD main.o
LOAD NRF/nrf24L01.o
LOAD NRF/nrf24spiXM2.o
LOAD Sleep/sleep.o
START GROUP
LOAD c:/program files (x86)/atmel/studio/7.0/toolchain/avr8/avr8-gnu-toolchain/bin/../lib/gcc/avr/5.4.0/../../../../avr/lib/avrxmega6\libm.a
END GROUP
START GROUP
LOAD c:/program files (x86)/atmel/studio/7.0/toolchain/avr8/avr8-gnu-toolchain/bin/../lib/gcc/avr/5.4.0/avrxmega6\libgcc.a
LOAD c:/program files (x86)/atmel/studio/7.0/toolchain/avr8/avr8-gnu-toolchain/bin/../lib/gcc/avr/5.4.0/../../../../avr/lib/avrxmega6\libm.a
LOAD c:/program files (x86)/atmel/studio/7.0/toolchain/avr8/avr8-gnu-toolchain/bin/../lib/gcc/avr/5.4.0/../../../../avr/lib/avrxmega6\libc.a
LOAD C:/Program Files (x86)/Atmel/Studio/7.0/Packs/atmel/XMEGAA_DFP/1.1.68/gcc/dev/atxmega256a3u/avrxmega6\libatxmega256a3u.a
END GROUP
                0x00000000                __TEXT_REGION_ORIGIN__ = DEFINED (__TEXT_REGION_ORIGIN__)?__TEXT_REGION_ORIGIN__:0x0
                0x00802000                __DATA_REGION_ORIGIN__ = DEFINED (__DATA_REGION_ORIGIN__)?__DATA_REGION_ORIGIN__:0x802000
                0x00100000                __TEXT_REGION_LENGTH__ = DEFINED (__TEXT_REGION_LENGTH__)?__TEXT_REGION_LENGTH__:0x100000
                0x0000ffa0                __DATA_REGION_LENGTH__ = DEFINED (__DATA_REGION_LENGTH__)?__DATA_REGION_LENGTH__:0xffa0
                0x00010000                __EEPROM_REGION_LENGTH__ = DEFINED (__EEPROM_REGION_LENGTH__)?__EEPROM_REGION_LENGTH__:0x10000
                [0x00000006]                __FUSE_REGION_LENGTH__ = DEFINED (__FUSE_REGION_LENGTH__)?__FUSE_REGION_LENGTH__:0x400
                0x00000400                __LOCK_REGION_LENGTH__ = DEFINED (__LOCK_REGION_LENGTH__)?__LOCK_REGION_LENGTH__:0x400
                0x00000400                __SIGNATURE_REGION_LENGTH__ = DEFINED (__SIGNATURE_REGION_LENGTH__)?__SIGNATURE_REGION_LENGTH__:0x400
                0x00000400                __USER_SIGNATURE_REGION_LENGTH__ = DEFINED (__USER_SIGNATURE_REGION_LENGTH__)?__USER_SIGNATURE_REGION_LENGTH__:0x400

.hash
 *(.hash)

.dynsym
 *(.dynsym)

.dynstr
 *(.dynstr)

.gnu.version
 *(.gnu.version)

.gnu.version_d
 *(.gnu.version_d)

.gnu.version_r
 *(.gnu.version_r)

.rel.init
 *(.rel.init)

.rela.init
 *(.rela.init)

.rel.text
 *(.rel.text)
 *(.rel.text.*)
 *(.rel.gnu.linkonce.t*)

.rela.text
 *(.rela.text)
 *(.rela.text.*)
 *(.rela.gnu.linkonce.t*)

.rel.fini
 *(.rel.fini)

.rela.fini
 *(.rela.fini)

.rel.rodata
 *(.rel.rodata)
 *(.rel.rodata.*)
 *(.rel.gnu.linkonce.r*)

.rela.rodata
 *(.rela.rodata)
 *(.rela.rodata.*)
 *(.rela.gnu.linkonce.r*)

.rel.data
 *(.rel.data)
 *(.rel.data.*)
 *(.rel.gnu.linkonce.d*)

.rela.data
 *(.rela.data)
 *(.rela.data.*)
 *(.rela.gnu.linkonce.d*)

.rel.ctors
 *(.rel.ctors)

.rela.ctors
 *(.rela.ctors)

.rel.dtors
 *(.rel.dtors)

.rela.dtors
 *(.rela.dtors)

.rel.got
 *(.rel.got)

.rela.got
 *(.rela.got)

.rel.bss
 *(.rel.bss)

.rela.bss
 *(.rela.bss)

.rel.plt
 *(.rel.plt)

.rela.plt
 *(.rela.plt)

.text           0x00000000      0xcf0
 *(.vectors)
 .vectors       0x00000000      0x1fc C:/Program Files (x86)/Atmel/Studio/7.0/Packs/atmel/XMEGAA_DFP/1.1.68/gcc/dev/atxmega256a3u/avrxmega6/crtatxmega256a3u.o
                0x00000000                __vector_default
                0x00000000                __vectors
 *(.vectors)
 *(.progmem.gcc*)
                0x000001fc                . = ALIGN (0x2)
                0x000001fc                __trampolines_start = .
 *(.trampolines)
 .trampolines   0x000001fc        0x0 linker stubs
 *(.trampolines*)
                0x000001fc                __trampolines_end = .
 *libprintf_flt.a:*(.progmem.data)
 *libc.a:*(.progmem.data)
 *(.progmem*)
                0x000001fc                . = ALIGN (0x2)
 *(.jumptables)
 *(.jumptables*)
 *(.lowtext)
 *(.lowtext*)
                0x000001fc                __ctors_start = .
 *(.ctors)
                0x000001fc                __ctors_end = .
                0x000001fc                __dtors_start = .
 *(.dtors)
                0x000001fc                __dtors_end = .
 SORT(*)(.ctors)
 SORT(*)(.dtors)
 *(.init0)
 .init0         0x000001fc        0x0 C:/Program Files (x86)/Atmel/Studio/7.0/Packs/atmel/XMEGAA_DFP/1.1.68/gcc/dev/atxmega256a3u/avrxmega6/crtatxmega256a3u.o
                0x000001fc                __init
 *(.init0)
 *(.init1)
 *(.init1)
 *(.init2)
 .init2         0x000001fc       0x10 C:/Program Files (x86)/Atmel/Studio/7.0/Packs/atmel/XMEGAA_DFP/1.1.68/gcc/dev/atxmega256a3u/avrxmega6/crtatxmega256a3u.o
 *(.init2)
 *(.init3)
 *(.init3)
 *(.init4)
 .init4         0x0000020c       0x1a c:/program files (x86)/atmel/studio/7.0/toolchain/avr8/avr8-gnu-toolchain/bin/../lib/gcc/avr/5.4.0/avrxmega6\libgcc.a(_copy_data.o)
                0x0000020c                __do_copy_data
 .init4         0x00000226       0x10 c:/program files (x86)/atmel/studio/7.0/toolchain/avr8/avr8-gnu-toolchain/bin/../lib/gcc/avr/5.4.0/avrxmega6\libgcc.a(_clear_bss.o)
                0x00000226                __do_clear_bss
 *(.init4)
 *(.init5)
 *(.init5)
 *(.init6)
 *(.init6)
 *(.init7)
 *(.init7)
 *(.init8)
 *(.init8)
 *(.init9)
 .init9         0x00000236        0x8 C:/Program Files (x86)/Atmel/Studio/7.0/Packs/atmel/XMEGAA_DFP/1.1.68/gcc/dev/atxmega256a3u/avrxmega6/crtatxmega256a3u.o
 *(.init9)
 *(.text)
 .text          0x0000023e        0x4 C:/Program Files (x86)/Atmel/Studio/7.0/Packs/atmel/XMEGAA_DFP/1.1.68/gcc/dev/atxmega256a3u/avrxmega6/crtatxmega256a3u.o
                0x0000023e                __vector_38
                0x0000023e                __vector_22
                0x0000023e                __vector_63
                0x0000023e                __vector_28
                0x0000023e                __vector_67
                0x0000023e                __vector_1
                0x0000023e                __vector_119
                0x0000023e                __vector_32
                0x0000023e                __vector_75
                0x0000023e                __vector_71
                0x0000023e                __vector_91
                0x0000023e                __vector_34
                0x0000023e                __vector_62
                0x0000023e                __vector_102
                0x0000023e                __vector_24
                0x0000023e                __vector_12
                0x0000023e                __vector_55
                0x0000023e                __vector_69
                0x0000023e                __vector_81
                0x0000023e                __vector_90
                0x0000023e                __vector_46
                0x0000023e                __bad_interrupt
                0x0000023e                __vector_122
                0x0000023e                __vector_72
                0x0000023e                __vector_114
                0x0000023e                __vector_6
                0x0000023e                __vector_110
                0x0000023e                __vector_31
                0x0000023e                __vector_92
                0x0000023e                __vector_35
                0x0000023e                __vector_78
                0x0000023e                __vector_74
                0x0000023e                __vector_117
                0x0000023e                __vector_39
                0x0000023e                __vector_107
                0x0000023e                __vector_3
                0x0000023e                __vector_105
                0x0000023e                __vector_98
                0x0000023e                __vector_23
                0x0000023e                __vector_68
                0x0000023e                __vector_30
                0x0000023e                __vector_73
                0x0000023e                __vector_45
                0x0000023e                __vector_25
                0x0000023e                __vector_93
                0x0000023e                __vector_61
                0x0000023e                __vector_11
                0x0000023e                __vector_54
                0x0000023e                __vector_99
                0x0000023e                __vector_13
                0x0000023e                __vector_17
                0x0000023e                __vector_19
                0x0000023e                __vector_56
                0x0000023e                __vector_7
                0x0000023e                __vector_125
                0x0000023e                __vector_49
                0x0000023e                __vector_123
                0x0000023e                __vector_41
                0x0000023e                __vector_86
                0x0000023e                __vector_100
                0x0000023e                __vector_101
                0x0000023e                __vector_88
                0x0000023e                __vector_109
                0x0000023e                __vector_27
                0x0000023e                __vector_5
                0x0000023e                __vector_113
                0x0000023e                __vector_33
                0x0000023e                __vector_76
                0x0000023e                __vector_115
                0x0000023e                __vector_47
                0x0000023e                __vector_52
                0x0000023e                __vector_37
                0x0000023e                __vector_95
                0x0000023e                __vector_103
                0x0000023e                __vector_96
                0x0000023e                __vector_89
                0x0000023e                __vector_108
                0x0000023e                __vector_4
                0x0000023e                __vector_44
                0x0000023e                __vector_82
                0x0000023e                __vector_106
                0x0000023e                __vector_118
                0x0000023e                __vector_51
                0x0000023e                __vector_9
                0x0000023e                __vector_2
                0x0000023e                __vector_21
                0x0000023e                __vector_15
                0x0000023e                __vector_36
                0x0000023e                __vector_79
                0x0000023e                __vector_58
                0x0000023e                __vector_70
                0x0000023e                __vector_83
                0x0000023e                __vector_29
                0x0000023e                __vector_60
                0x0000023e                __vector_121
                0x0000023e                __vector_40
                0x0000023e                __vector_85
                0x0000023e                __vector_94
                0x0000023e                __vector_126
                0x0000023e                __vector_8
                0x0000023e                __vector_26
                0x0000023e                __vector_48
                0x0000023e                __vector_124
                0x0000023e                __vector_116
                0x0000023e                __vector_112
                0x0000023e                __vector_111
                0x0000023e                __vector_80
                0x0000023e                __vector_14
                0x0000023e                __vector_84
                0x0000023e                __vector_57
                0x0000023e                __vector_53
                0x0000023e                __vector_10
                0x0000023e                __vector_50
                0x0000023e                __vector_16
                0x0000023e                __vector_59
                0x0000023e                __vector_18
                0x0000023e                __vector_97
                0x0000023e                __vector_20
                0x0000023e                __vector_42
                0x0000023e                __vector_87
                0x0000023e                __vector_65
                0x0000023e                __vector_120
                0x00000242                . = ALIGN (0x2)
 *(.text.*)
 .text.Config32MHzClock_Ext16M
                0x00000242       0x44 CLK/clock.o
                0x00000242                Config32MHzClock_Ext16M
 .text.init_keypad
                0x00000286       0x82 Keypad/keypad.o
                0x00000286                init_keypad
 .text.init_timer_F0
                0x00000308       0x2c Keypad/keypad.o
                0x00000308                init_timer_F0
 .text.init_timer_D0
                0x00000334       0x18 Keypad/keypad.o
                0x00000334                init_timer_D0
 .text.init_LED
                0x0000034c        0xa Keypad/keypad.o
                0x0000034c                init_LED
 .text.what_key_PD
                0x00000356       0x5e Keypad/keypad.o
                0x00000356                what_key_PD
 .text.what_key_PE
                0x000003b4       0x3a Keypad/keypad.o
                0x000003b4                what_key_PE
 .text.reset_password
                0x000003ee       0x44 Keypad/keypad.o
                0x000003ee                reset_password
 .text.password_check
                0x00000432       0xb2 Keypad/keypad.o
                0x00000432                password_check
 .text.open_door
                0x000004e4       0xbe Keypad/keypad.o
                0x000004e4                open_door
 .text.init_nrf
                0x000005a2       0x52 main.o
                0x000005a2                init_nrf
 .text.main     0x000005f4       0x76 main.o
                0x000005f4                main
 .text.__vector_104
                0x0000066a       0x14 main.o
                0x0000066a                __vector_104
 .text.__vector_64
                0x0000067e       0x5c main.o
                0x0000067e                __vector_64
 .text.__vector_43
                0x000006da       0x64 main.o
                0x000006da                __vector_43
 .text.__vector_66
                0x0000073e       0x18 main.o
                0x0000073e                __vector_66
 .text.__vector_77
                0x00000756       0x3a main.o
                0x00000756                __vector_77
 .text.nrfReadRegister
                0x00000790       0x24 NRF/nrf24L01.o
                0x00000790                nrfReadRegister
 .text.nrfWriteRegisterMulti
                0x000007b4       0x5c NRF/nrf24L01.o
                0x000007b4                nrfWriteRegisterMulti
 .text.nrfWriteRegister
                0x00000810       0x34 NRF/nrf24L01.o
                0x00000810                nrfWriteRegister
 .text.nrfWritePayload
                0x00000844       0xa6 NRF/nrf24L01.o
                0x00000844                nrfWritePayload
 .text.nrfFlushRx
                0x000008ea       0x1e NRF/nrf24L01.o
                0x000008ea                nrfFlushRx
 .text.nrfFlushTx
                0x00000908       0x1e NRF/nrf24L01.o
                0x00000908                nrfFlushTx
 .text.nrfStartWrite
                0x00000926       0x6e NRF/nrf24L01.o
                0x00000926                nrfStartWrite
 .text.nrfOpenWritingPipe
                0x00000994       0x3c NRF/nrf24L01.o
                0x00000994                nrfOpenWritingPipe
 .text.nrfOpenReadingPipe
                0x000009d0       0x8c NRF/nrf24L01.o
                0x000009d0                nrfOpenReadingPipe
 .text.nrfToggleFeatures
                0x00000a5c       0x24 NRF/nrf24L01.o
                0x00000a5c                nrfToggleFeatures
 .text.nrfEnableDynamicPayloads
                0x00000a80       0x46 NRF/nrf24L01.o
                0x00000a80                nrfEnableDynamicPayloads
 .text.nrfSetChannel
                0x00000ac6       0x18 NRF/nrf24L01.o
                0x00000ac6                nrfSetChannel
 .text.nrfSetAutoAck
                0x00000ade       0x18 NRF/nrf24L01.o
                0x00000ade                nrfSetAutoAck
 .text.nrfSetPALevel
                0x00000af6       0x1c NRF/nrf24L01.o
                0x00000af6                nrfSetPALevel
 .text.nrfSetDataRate
                0x00000b12       0x2c NRF/nrf24L01.o
                0x00000b12                nrfSetDataRate
 .text.nrfSetCRCLength
                0x00000b3e       0x1c NRF/nrf24L01.o
                0x00000b3e                nrfSetCRCLength
 .text.nrfSetRetries
                0x00000b5a        0xa NRF/nrf24L01.o
                0x00000b5a                nrfSetRetries
 .text.nrfGetMaxTimeout
                0x00000b64       0x36 NRF/nrf24L01.o
                0x00000b64                nrfGetMaxTimeout
 .text.nrfWaitForAck
                0x00000b9a       0x62 NRF/nrf24L01.o
                0x00000b9a                nrfWaitForAck
 .text.nrfWrite
                0x00000bfc        0xc NRF/nrf24L01.o
                0x00000bfc                nrfWrite
 .text.nrfClearInterruptBits
                0x00000c08        0xa NRF/nrf24L01.o
                0x00000c08                nrfClearInterruptBits
 .text.nrfBegin
                0x00000c12       0x52 NRF/nrf24L01.o
                0x00000c12                nrfBegin
 .text.nrfspiInit
                0x00000c64       0x34 NRF/nrf24spiXM2.o
                0x00000c64                nrfspiInit
 .text.nrfspiTransfer
                0x00000c98       0x1c NRF/nrf24spiXM2.o
                0x00000c98                nrfspiTransfer
 .text.init_sleep
                0x00000cb4        0x8 Sleep/sleep.o
                0x00000cb4                init_sleep
 .text.libgcc.mul
                0x00000cbc       0x1e c:/program files (x86)/atmel/studio/7.0/toolchain/avr8/avr8-gnu-toolchain/bin/../lib/gcc/avr/5.4.0/avrxmega6\libgcc.a(_umulhisi3.o)
                0x00000cbc                __umulhisi3
 .text.avr-libc
                0x00000cda       0x12 c:/program files (x86)/atmel/studio/7.0/toolchain/avr8/avr8-gnu-toolchain/bin/../lib/gcc/avr/5.4.0/../../../../avr/lib/avrxmega6\libc.a(memcpy.o)
                0x00000cda                memcpy
                0x00000cec                . = ALIGN (0x2)
 *(.fini9)
 .fini9         0x00000cec        0x0 c:/program files (x86)/atmel/studio/7.0/toolchain/avr8/avr8-gnu-toolchain/bin/../lib/gcc/avr/5.4.0/avrxmega6\libgcc.a(_exit.o)
                0x00000cec                _exit
                0x00000cec                exit
 *(.fini9)
 *(.fini8)
 *(.fini8)
 *(.fini7)
 *(.fini7)
 *(.fini6)
 *(.fini6)
 *(.fini5)
 *(.fini5)
 *(.fini4)
 *(.fini4)
 *(.fini3)
 *(.fini3)
 *(.fini2)
 *(.fini2)
 *(.fini1)
 *(.fini1)
 *(.fini0)
 .fini0         0x00000cec        0x4 c:/program files (x86)/atmel/studio/7.0/toolchain/avr8/avr8-gnu-toolchain/bin/../lib/gcc/avr/5.4.0/avrxmega6\libgcc.a(_exit.o)
 *(.fini0)
                0x00000cf0                _etext = .

.data           0x00802000       0x2a load address 0x00000cf0
                0x00802000                PROVIDE (__data_start, .)
 *(.data)
 *(.data*)
 .data.password_compare.3993
                0x00802000        0x5 Keypad/keypad.o
 .data.password
                0x00802005        0x5 Keypad/keypad.o
                0x00802005                password
 .data.state    0x0080200a        0x1 main.o
                0x0080200a                state
 .data.pipe     0x0080200b        0x5 main.o
                0x0080200b                pipe
 .data.addr_width
                0x00802010        0x1 NRF/nrf24L01.o
                0x00802010                addr_width
 .data.fixed_payload_size
                0x00802011        0x1 NRF/nrf24L01.o
                0x00802011                fixed_payload_size
 .data.p_variant
                0x00802012        0x1 NRF/nrf24L01.o
                0x00802012                p_variant
 *(.gnu.linkonce.d*)
 *(.rodata)
 .rodata        0x00802013        0x5 Keypad/keypad.o
 *(.rodata*)
 .rodata.child_pipe_enable
                0x00802018        0x6 NRF/nrf24L01.o
 .rodata.child_payload_size
                0x0080201e        0x6 NRF/nrf24L01.o
 .rodata.child_pipe
                0x00802024        0x6 NRF/nrf24L01.o
 *(.gnu.linkonce.r*)
                0x0080202a                . = ALIGN (0x2)
                0x0080202a                _edata = .
                0x0080202a                PROVIDE (__data_end, .)

.bss            0x0080202a        0x7
                0x0080202a                PROVIDE (__bss_start, .)
 *(.bss)
 *(.bss*)
 .bss.n.3994    0x0080202a        0x1 Keypad/keypad.o
 .bss.pipe0_reading_address
                0x0080202b        0x5 NRF/nrf24L01.o
                0x0080202b                pipe0_reading_address
 .bss.dynamic_payloads_enabled
                0x00802030        0x1 NRF/nrf24L01.o
                0x00802030                dynamic_payloads_enabled
 *(COMMON)
                0x00802031                PROVIDE (__bss_end, .)
                0x00000cf0                __data_load_start = LOADADDR (.data)
                0x00000d1a                __data_load_end = (__data_load_start + SIZEOF (.data))

.noinit         0x00802031        0x0
                [!provide]                PROVIDE (__noinit_start, .)
 *(.noinit*)
                [!provide]                PROVIDE (__noinit_end, .)
                0x00802031                _end = .
                [!provide]                PROVIDE (__heap_start, .)

.eeprom         0x00810000        0x0
 *(.eeprom*)
                0x00810000                __eeprom_end = .

.fuse
 *(.fuse)
 *(.lfuse)
 *(.hfuse)
 *(.efuse)

.lock
 *(.lock*)

.signature
 *(.signature*)

.user_signatures
 *(.user_signatures*)

.stab
 *(.stab)

.stabstr
 *(.stabstr)

.stab.excl
 *(.stab.excl)

.stab.exclstr
 *(.stab.exclstr)

.stab.index
 *(.stab.index)

.stab.indexstr
 *(.stab.indexstr)

.comment        0x00000000       0x30
 *(.comment)
 .comment       0x00000000       0x30 CLK/clock.o
                                 0x31 (size before relaxing)
 .comment       0x00000030       0x31 Keypad/keypad.o
 .comment       0x00000030       0x31 main.o
 .comment       0x00000030       0x31 NRF/nrf24L01.o
 .comment       0x00000030       0x31 NRF/nrf24spiXM2.o
 .comment       0x00000030       0x31 Sleep/sleep.o

.note.gnu.avr.deviceinfo
                0x00000000       0x40
 .note.gnu.avr.deviceinfo
                0x00000000       0x40 C:/Program Files (x86)/Atmel/Studio/7.0/Packs/atmel/XMEGAA_DFP/1.1.68/gcc/dev/atxmega256a3u/avrxmega6/crtatxmega256a3u.o

.note.gnu.build-id
 *(.note.gnu.build-id)

.debug
 *(.debug)

.line
 *(.line)

.debug_srcinfo
 *(.debug_srcinfo)

.debug_sfnames
 *(.debug_sfnames)

.debug_aranges  0x00000000      0x2e8
 *(.debug_aranges)
 .debug_aranges
                0x00000000       0x50 CLK/clock.o
 .debug_aranges
                0x00000050       0x60 Keypad/keypad.o
 .debug_aranges
                0x000000b0       0x50 main.o
 .debug_aranges
                0x00000100      0x1a0 NRF/nrf24L01.o
 .debug_aranges
                0x000002a0       0x28 NRF/nrf24spiXM2.o
 .debug_aranges
                0x000002c8       0x20 Sleep/sleep.o

.debug_pubnames
 *(.debug_pubnames)

.debug_info     0x00000000     0x7728
 *(.debug_info .gnu.linkonce.wi.*)
 .debug_info    0x00000000     0x3409 C:/Program Files (x86)/Atmel/Studio/7.0/Packs/atmel/XMEGAA_DFP/1.1.68/gcc/dev/atxmega256a3u/avrxmega6/crtatxmega256a3u.o
 .debug_info    0x00003409      0x3a6 CLK/clock.o
 .debug_info    0x000037af      0xd8c Keypad/keypad.o
 .debug_info    0x0000453b      0xf00 main.o
 .debug_info    0x0000543b     0x1ef9 NRF/nrf24L01.o
 .debug_info    0x00007334      0x301 NRF/nrf24spiXM2.o
 .debug_info    0x00007635       0xf3 Sleep/sleep.o

.debug_abbrev   0x00000000     0x3be9
 *(.debug_abbrev)
 .debug_abbrev  0x00000000     0x3148 C:/Program Files (x86)/Atmel/Studio/7.0/Packs/atmel/XMEGAA_DFP/1.1.68/gcc/dev/atxmega256a3u/avrxmega6/crtatxmega256a3u.o
 .debug_abbrev  0x00003148       0x9d CLK/clock.o
 .debug_abbrev  0x000031e5      0x2f0 Keypad/keypad.o
 .debug_abbrev  0x000034d5      0x23f main.o
 .debug_abbrev  0x00003714      0x363 NRF/nrf24L01.o
 .debug_abbrev  0x00003a77       0xd5 NRF/nrf24spiXM2.o
 .debug_abbrev  0x00003b4c       0x9d Sleep/sleep.o

.debug_line     0x00000000     0x1d13
 *(.debug_line .debug_line.* .debug_line_end)
 .debug_line    0x00000000      0x39d C:/Program Files (x86)/Atmel/Studio/7.0/Packs/atmel/XMEGAA_DFP/1.1.68/gcc/dev/atxmega256a3u/avrxmega6/crtatxmega256a3u.o
 .debug_line    0x0000039d      0x2a1 CLK/clock.o
 .debug_line    0x0000063e      0x50b Keypad/keypad.o
 .debug_line    0x00000b49      0x37a main.o
 .debug_line    0x00000ec3      0xbcd NRF/nrf24L01.o
 .debug_line    0x00001a90      0x17c NRF/nrf24spiXM2.o
 .debug_line    0x00001c0c      0x107 Sleep/sleep.o

.debug_frame    0x00000000      0x820
 *(.debug_frame)
 .debug_frame   0x00000000       0x84 CLK/clock.o
 .debug_frame   0x00000084       0xc0 Keypad/keypad.o
 .debug_frame   0x00000144      0x148 main.o
 .debug_frame   0x0000028c      0x53c NRF/nrf24L01.o
 .debug_frame   0x000007c8       0x34 NRF/nrf24spiXM2.o
 .debug_frame   0x000007fc       0x24 Sleep/sleep.o

.debug_str      0x00000000     0x3c50
 *(.debug_str)
 .debug_str     0x00000000     0x223b C:/Program Files (x86)/Atmel/Studio/7.0/Packs/atmel/XMEGAA_DFP/1.1.68/gcc/dev/atxmega256a3u/avrxmega6/crtatxmega256a3u.o
 .debug_str     0x0000223b      0x570 CLK/clock.o
                                0x5a9 (size before relaxing)
 .debug_str     0x000027ab      0x87a Keypad/keypad.o
                                0xa74 (size before relaxing)
 .debug_str     0x00003025      0x6ab main.o
                                0xcd4 (size before relaxing)
 .debug_str     0x000036d0      0x42e NRF/nrf24L01.o
                                0xcdb (size before relaxing)
 .debug_str     0x00003afe       0xc7 NRF/nrf24spiXM2.o
                                0x398 (size before relaxing)
 .debug_str     0x00003bc5       0x8b Sleep/sleep.o
                                0x284 (size before relaxing)

.debug_loc      0x00000000     0x2235
 *(.debug_loc)
 .debug_loc     0x00000000      0x561 Keypad/keypad.o
 .debug_loc     0x00000561      0x2de main.o
 .debug_loc     0x0000083f     0x19c9 NRF/nrf24L01.o
 .debug_loc     0x00002208       0x2d NRF/nrf24spiXM2.o

.debug_macinfo
 *(.debug_macinfo)

.debug_weaknames
 *(.debug_weaknames)

.debug_funcnames
 *(.debug_funcnames)

.debug_typenames
 *(.debug_typenames)

.debug_varnames
 *(.debug_varnames)

.debug_pubtypes
 *(.debug_pubtypes)

.debug_ranges   0x00000000      0x318
 *(.debug_ranges)
 .debug_ranges  0x00000000       0x40 CLK/clock.o
 .debug_ranges  0x00000040       0xb0 Keypad/keypad.o
 .debug_ranges  0x000000f0       0x40 main.o
 .debug_ranges  0x00000130      0x1c0 NRF/nrf24L01.o
 .debug_ranges  0x000002f0       0x18 NRF/nrf24spiXM2.o
 .debug_ranges  0x00000308       0x10 Sleep/sleep.o

.debug_macro
 *(.debug_macro)
OUTPUT(code.elf elf32-avr)
LOAD linker stubs
